LENOVO@DESKTOP-VU9KMUR MINGW64 ~
$ mkdir A1

LENOVO@DESKTOP-VU9KMUR MINGW64 ~
$ cd A1/

LENOVO@DESKTOP-VU9KMUR MINGW64 ~/A1
$ git init
Initialized empty Git repository in C:/Users/LENOVO/A1/.git/

LENOVO@DESKTOP-VU9KMUR MINGW64 ~/A1 (master)
$ git checkout -b Dev
Switched to a new branch 'Dev'

LENOVO@DESKTOP-VU9KMUR MINGW64 ~/A1 (Dev)
$ notepad 1.txt

LENOVO@DESKTOP-VU9KMUR MINGW64 ~/A1 (Dev)
$ git add 1.txt

LENOVO@DESKTOP-VU9KMUR MINGW64 ~/A1 (Dev)
$ git commit -m "Dev Commit"
[Dev (root-commit) 608687b] Dev Commit
 1 file changed, 1 insertion(+)
 create mode 100644 1.txt

LENOVO@DESKTOP-VU9KMUR MINGW64 ~/A1 (Dev)
$ git checkout -b Test
Switched to a new branch 'Test'

LENOVO@DESKTOP-VU9KMUR MINGW64 ~/A1 (Test)
$ notepad 2.txt

LENOVO@DESKTOP-VU9KMUR MINGW64 ~/A1 (Test)
$ notepad 3.txt

LENOVO@DESKTOP-VU9KMUR MINGW64 ~/A1 (Test)
$ git add 2.txt

LENOVO@DESKTOP-VU9KMUR MINGW64 ~/A1 (Test)
$ git commit -m "added 2.txt"
[Test 957405e] added 2.txt
 1 file changed, 1 insertion(+)
 create mode 100644 2.txt

LENOVO@DESKTOP-VU9KMUR MINGW64 ~/A1 (Test)
$ git status
On branch Test
Untracked files:
  (use "git add <file>..." to include in what will be committed)
        3.txt

nothing added to commit but untracked files present (use "git add" to track)

LENOVO@DESKTOP-VU9KMUR MINGW64 ~/A1 (Test)
$ git add 3.txt

LENOVO@DESKTOP-VU9KMUR MINGW64 ~/A1 (Test)
$ git status
On branch Test
Changes to be committed:
  (use "git restore --staged <file>..." to unstage)
        new file:   3.txt


LENOVO@DESKTOP-VU9KMUR MINGW64 ~/A1 (Test)
$ git commit -m "added 3.txt"
[Test c376398] added 3.txt
 1 file changed, 1 insertion(+)
 create mode 100644 3.txt

LENOVO@DESKTOP-VU9KMUR MINGW64 ~/A1 (Test)
$ git status
On branch Test
nothing to commit, working tree clean

LENOVO@DESKTOP-VU9KMUR MINGW64 ~/A1 (Test)
$ notepad 1.txt

LENOVO@DESKTOP-VU9KMUR MINGW64 ~/A1 (Test)
$ git diff
diff --git a/1.txt b/1.txt
index db9f25a..82c51c4 100644
--- a/1.txt
+++ b/1.txt
@@ -1 +1 @@
-Hello 1
\ No newline at end of file
+Hello 1 Welcome
\ No newline at end of file

LENOVO@DESKTOP-VU9KMUR MINGW64 ~/A1 (Test)
$ git status
On branch Test
Changes not staged for commit:
  (use "git add <file>..." to update what will be committed)
  (use "git restore <file>..." to discard changes in working directory)
        modified:   1.txt

no changes added to commit (use "git add" and/or "git commit -a")

LENOVO@DESKTOP-VU9KMUR MINGW64 ~/A1 (Test)
$ git add 1.txt

LENOVO@DESKTOP-VU9KMUR MINGW64 ~/A1 (Test)
$ git commit -m "changed message in 1.txt"
[Test 5c74e5e] changed message in 1.txt
 1 file changed, 1 insertion(+), 1 deletion(-)

LENOVO@DESKTOP-VU9KMUR MINGW64 ~/A1 (Test)
$ git status
On branch Test
nothing to commit, working tree clean

LENOVO@DESKTOP-VU9KMUR MINGW64 ~/A1 (Test)
$ git checkout -b master
Switched to a new branch 'master'

LENOVO@DESKTOP-VU9KMUR MINGW64 ~/A1 (master)
$ git merge Dev
Already up to date.

LENOVO@DESKTOP-VU9KMUR MINGW64 ~/A1 (master)
$ git merge Test
Already up to date.

LENOVO@DESKTOP-VU9KMUR MINGW64 ~/A1 (master)
$ git remote add origin https://github.com/jyotsana2000/Assignment1.git

LENOVO@DESKTOP-VU9KMUR MINGW64 ~/A1 (master)
$ git push -u origin master
Enumerating objects: 12, done.
Counting objects: 100% (12/12), done.
Delta compression using up to 2 threads
Compressing objects: 100% (7/7), done.
Writing objects: 100% (12/12), 959 bytes | 319.00 KiB/s, done.
Total 12 (delta 1), reused 0 (delta 0), pack-reused 0
remote: Resolving deltas: 100% (1/1), done.
To https://github.com/jyotsana2000/Assignment1.git
 * [new branch]      master -> master
Branch 'master' set up to track remote branch 'master' from 'origin'.

LENOVO@DESKTOP-VU9KMUR MINGW64 ~/A1 (master)
$ mkdir A2

LENOVO@DESKTOP-VU9KMUR MINGW64 ~/A1 (master)
$ cd A2

LENOVO@DESKTOP-VU9KMUR MINGW64 ~/A1/A2 (master)
$ cd ..

LENOVO@DESKTOP-VU9KMUR MINGW64 ~/A1 (master)
$ cd ..

LENOVO@DESKTOP-VU9KMUR MINGW64 ~
$ mkdir A1New

LENOVO@DESKTOP-VU9KMUR MINGW64 ~
$ cd A1New

LENOVO@DESKTOP-VU9KMUR MINGW64 ~/A1New
$ git clone https://github.com/jyotsana2000/Assignment1.git
Cloning into 'Assignment1'...
remote: Enumerating objects: 12, done.
remote: Counting objects: 100% (12/12), done.
remote: Compressing objects: 100% (6/6), done.
remote: Total 12 (delta 1), reused 12 (delta 1), pack-reused 0
Receiving objects: 100% (12/12), done.
Resolving deltas: 100% (1/1), done.

LENOVO@DESKTOP-VU9KMUR MINGW64 ~/A1New
$ ls
Assignment1/

LENOVO@DESKTOP-VU9KMUR MINGW64 ~/A1New
$ cd Assignment1

LENOVO@DESKTOP-VU9KMUR MINGW64 ~/A1New/Assignment1 (master)
$ ls
1.txt  2.txt  3.txt

LENOVO@DESKTOP-VU9KMUR MINGW64 ~/A1New/Assignment1 (master)
$ notepad Solution.txt
